// Jest Snapshot v1, https://goo.gl/fbAQLP

exports[`BlogList component unit tests snapshot test 1`] = `
"<div class=\\"ui items\\"><div class=\\"item\\"><i aria-hidden=\\"true\\" class=\\"envelope open outline icon\\"></i><div class=\\"content\\"><a href=\\"/5b58dce799f2274cc85b0933/Markdown-Test\\"><div class=\\"header\\">Markdown Test</div></a><div class=\\"description\\"> Subheader

Hi, this text has markdown! Hell yeah

link

 List Item
 Another Item

 Another Subheader

Still marking down like a boss yeaaaaaahhhh</div><div class=\\"extra\\">Written by Test User 3 days ago</div></div></div><div class=\\"item\\"><i aria-hidden=\\"true\\" class=\\"envelope open outline icon\\"></i><div class=\\"content\\"><a href=\\"/5b5895867296874dacbc9d6d/Test-Post-From-Admin-Panel\\"><div class=\\"header\\">Test Post From Admin Panel</div></a><div class=\\"description\\">content here</div><div class=\\"extra\\">Written by Test User 3 days ago</div></div></div><div class=\\"item\\"><i aria-hidden=\\"true\\" class=\\"envelope open outline icon\\"></i><div class=\\"content\\"><a href=\\"/5b55dd6774d88b36481f5607/Second-Test-Post\\"><div class=\\"header\\">Second Test Post</div></a><div class=\\"description\\">Sed ut perspiciatis unde omnis iste natus error sit voluptatem accusantium doloremque laudantium, totam rem aperiam, eaque ipsa quae ab illo inventore veritatis et quasi architecto beatae vitae dicta sunt (...)</div><div class=\\"extra\\">Written by Test User 5 days ago</div></div></div><div class=\\"item\\"><i aria-hidden=\\"true\\" class=\\"envelope open outline icon\\"></i><div class=\\"content\\"><a href=\\"/5b55dcdb74d88b36481f5606/Test-post\\"><div class=\\"header\\">Test post</div></a><div class=\\"description\\">Sed ut perspiciatis unde omnis iste natus error sit voluptatem accusantium doloremque laudantium, totam rem aperiam, eaque ipsa quae ab illo inventore veritatis et quasi architecto beatae vitae dicta sunt (...)</div><div class=\\"extra\\">Written by Test User 5 days ago</div></div></div></div>"
`;
